// Jest Snapshot v1, https://goo.gl/fbAQLP

exports[`Menu should match snapshot with correct data 1`] = `
<div
  className="nav-topics"
>
  <h2
    id="local"
    key="0"
    onClick={[Function]}
  >
    local
  </h2>
  <h2
    id="entertainment"
    key="1"
    onClick={[Function]}
  >
    entertainment
  </h2>
  <h2
    id="health"
    key="2"
    onClick={[Function]}
  >
    health
  </h2>
  <h2
    id="science"
    key="3"
    onClick={[Function]}
  >
    science
  </h2>
  <h2
    id="technology"
    key="4"
    onClick={[Function]}
  >
    technology
  </h2>
</div>
`;
